// Jest Snapshot v1, https://goo.gl/fbAQLP

exports[`RomanNumerals component should render snapshot 1`] = `
<div
  className="container-fluid RomanNumerals container"
>
  <div
    className="text-center row"
  >
    <input
      onChange={[Function]}
      type="text"
      value=""
    />
    <br />
    <button
      onClick={[Function]}
    >
       Convert Numer 
    </button>
    <br />
    
  </div>
</div>
`;
