// Jest Snapshot v1, https://goo.gl/fbAQLP

exports[`ToDoList component should render snapshot 1`] = `
<div
  className="container text-center"
>
  <div
    className="title"
  >
     To Do List 
  </div>
  <div>
    <input
      className="addInput"
      onChange={[Function]}
      type="text"
      value=""
    />
    <button
      className="addButton"
      onClick={[Function]}
    >
       Add To List 
    </button>
  </div>
  <ul
    className="text-left"
  />
</div>
`;
