// Jest Snapshot v1, https://goo.gl/fbAQLP

exports[`RomanNumerals component should render snapshot 1`] = `
<div
  className="RomanNumerals container text-center container"
>
  <div
    className="title row"
  >
     Convert Roman Numbers 
  </div>
  <div
    className="row"
  >
    <input
      className="textInput"
      onChange={[Function]}
      placeholder="ex: XV or ex: 15"
      type="text"
      value=""
    />
    <br />
    <button
      className="convertButton"
      onClick={[Function]}
    >
       Convert Numer 
    </button>
    <br />
    <div
      className="convertedValue row"
    >
      
    </div>
  </div>
</div>
`;
